e6ab4d95bce16f19bd67db8abd6bffdbee25602a6b32c7ebfc9df965bfc3ebe7