0d3d9cb2c3d8569806f4822a2bd52150a675d4621883b35e02f266cfc10bc457