8fbfdfed830260389b941583dcde6533202a3e970063aa6569dfd1b4dd303356