a2d0ac6ba12a706d6fc640502a42d17928796b549eb2d49103b5593d14bd5b2e