c29d00bd91a9f1ef61c4b3279759371c9097e1ebfcd9ddf035c8e4997291e35e