b2c1793a0cac24d0338da922de2b4890a831fe98a67248e90f1ff350d140a78d