6676f1cce86166eb66ab83254fe2deb43be93644967de110dd42713dea181508