a3ef7016ed336e599a425f018999f415ffcb933c27c0c2e2fa6928792f5164d6
