ce2dce59ad7fa810c945e7385cc25d4c8992adf71fbdc44336cf136330fe2b16