d657db503460486a6de80d87f15c6b1fa84b0c4dacabed374acdc70172d4761d