5b5911dad04b5f592cedd29b46aa55b87428c31b2bf6539f9c2b2e51a932adbe