9fe8b7edde3d883884a93f23673fc5e8271f1607ed8ba6ef0491057f2ec94cf4