f79f0553aef15a10d8522918e0a8c05889ea88e6620b6243cb3c0bd15d0ca8ab