a19ed9f67c1106b3af0e43dd2e4485b7cc0ef40a26c39f76ae102a2791dac0b0