b1e1dae047d021ffeba8fbde26feedc06795118c47a84576c0ec6d6192ea00f1
