3ded0e77f43c43f86920012d6ffe0e2f0cd98908ceab7023bf5a8d34bedf1d6e