d3c796a610f0ce13c7f4dc99ce5d0f0a8674c7bbd8c53de28248711b44d427a1