ffc58366eca61e646beb150556f384fb7c1402e40f3d00e942e6bf1fdfaf0301
