51296c83a0d5989a67f40391afcbf420cbbd76c1e6c07aa43fe2aef2e88941e3