cd8b506c38c116d6bea8999720a82afb8844453d5ad05385302eabc7d858859c