223677ae43c0980dbb2958ccb78b289e9154eaa57daea99558bea80cbbcdde30