d7459c7255caca1915aecc9cbd9ee7a3360c7e88d2ed76e050ab7f90653ecfea