f043f8b598b54510d95bf2790993bcb58e84cba0fda7880c7ea067851fa7d837