ff8b62cdb1eb65e84082e7af4c745a42e0d0259c25ab0101f42f812e873a53a8