fc2ca1ea82c847c136ceb3d740ef6d967029ced16374fbd05ce94e3d2d9f5432