f8e6e83e39edc14225e8680852fa1fdb1fc093bdd552e99911006b4329f43293