5f6e2d02c9927ed10a7095923d582a2eedb2b9988f74d5df3a334807c8dc3f9f