f501ed7c8df19071712634049fed1a1fb22fbeb6f27973595bc8139e56c6c446