38a1d0a72ca251d445d655eb8b5536b10f29ee33924591577ac7e5f9262cc51f