30c104c539200d568f9157549dd3c8a15a157cb5c56632638b99986e4edf0576